<object-stream>
<org.drools.core.audit.WorkingMemoryLog>
  <version>6.1</version>
  <events>
    <org.drools.core.audit.event.ActivationLogEvent>
      <type>4</type>
      <activationId>INIT [0]</activationId>
      <rule>INIT</rule>
      <declarations></declarations>
      <factHandleIds>0</factHandleIds>
    </org.drools.core.audit.event.ActivationLogEvent>
    <org.drools.core.audit.event.ActivationLogEvent>
      <type>6</type>
      <activationId>INIT [0]</activationId>
      <rule>INIT</rule>
      <declarations></declarations>
      <factHandleIds>0</factHandleIds>
    </org.drools.core.audit.event.ActivationLogEvent>
    <org.drools.core.audit.event.ObjectLogEvent>
      <type>1</type>
      <factId>1</factId>
      <objectToString>WHAT_TO_DO</objectToString>
    </org.drools.core.audit.event.ObjectLogEvent>
    <org.drools.core.audit.event.ActivationLogEvent>
      <type>7</type>
      <activationId>INIT [0]</activationId>
      <rule>INIT</rule>
      <declarations></declarations>
      <factHandleIds>0</factHandleIds>
    </org.drools.core.audit.event.ActivationLogEvent>
    <org.drools.core.audit.event.ActivationLogEvent>
      <type>4</type>
      <activationId>ASK [1]</activationId>
      <rule>ASK</rule>
      <declarations>q=WHAT_TO_DO</declarations>
      <factHandleIds>1</factHandleIds>
    </org.drools.core.audit.event.ActivationLogEvent>
    <org.drools.core.audit.event.ActivationLogEvent>
      <type>6</type>
      <activationId>ASK [1]</activationId>
      <rule>ASK</rule>
      <declarations>q=WHAT_TO_DO</declarations>
      <factHandleIds>1</factHandleIds>
    </org.drools.core.audit.event.ActivationLogEvent>
    <org.drools.core.audit.event.ObjectLogEvent>
      <type>1</type>
      <factId>2</factId>
      <objectToString>Answer( question=WHAT_TO_DO, choice=Maybe something else...? )</objectToString>
    </org.drools.core.audit.event.ObjectLogEvent>
    <org.drools.core.audit.event.ActivationLogEvent>
      <type>7</type>
      <activationId>ASK [1]</activationId>
      <rule>ASK</rule>
      <declarations>q=WHAT_TO_DO</declarations>
      <factHandleIds>1</factHandleIds>
    </org.drools.core.audit.event.ActivationLogEvent>
    <org.drools.core.audit.event.ActivationLogEvent>
      <type>4</type>
      <activationId>WHAT_TO_DO - else [2]</activationId>
      <rule>WHAT_TO_DO - else</rule>
      <declarations></declarations>
      <factHandleIds>2</factHandleIds>
    </org.drools.core.audit.event.ActivationLogEvent>
    <org.drools.core.audit.event.ActivationLogEvent>
      <type>6</type>
      <activationId>WHAT_TO_DO - else [2]</activationId>
      <rule>WHAT_TO_DO - else</rule>
      <declarations></declarations>
      <factHandleIds>2</factHandleIds>
    </org.drools.core.audit.event.ActivationLogEvent>
    <org.drools.core.audit.event.ObjectLogEvent>
      <type>1</type>
      <factId>3</factId>
      <objectToString>OTHERS</objectToString>
    </org.drools.core.audit.event.ObjectLogEvent>
    <org.drools.core.audit.event.ActivationLogEvent>
      <type>7</type>
      <activationId>WHAT_TO_DO - else [2]</activationId>
      <rule>WHAT_TO_DO - else</rule>
      <declarations></declarations>
      <factHandleIds>2</factHandleIds>
    </org.drools.core.audit.event.ActivationLogEvent>
    <org.drools.core.audit.event.ActivationLogEvent>
      <type>4</type>
      <activationId>ASK [3]</activationId>
      <rule>ASK</rule>
      <declarations>q=OTHERS</declarations>
      <factHandleIds>3</factHandleIds>
    </org.drools.core.audit.event.ActivationLogEvent>
    <org.drools.core.audit.event.ActivationLogEvent>
      <type>6</type>
      <activationId>ASK [3]</activationId>
      <rule>ASK</rule>
      <declarations>q=OTHERS</declarations>
      <factHandleIds>3</factHandleIds>
    </org.drools.core.audit.event.ActivationLogEvent>
    <org.drools.core.audit.event.ObjectLogEvent>
      <type>1</type>
      <factId>4</factId>
      <objectToString>Answer( question=OTHERS, choice=I just want a nice story with shipwrecks and pirates and prostitutes in it. )</objectToString>
    </org.drools.core.audit.event.ObjectLogEvent>
    <org.drools.core.audit.event.ActivationLogEvent>
      <type>7</type>
      <activationId>ASK [3]</activationId>
      <rule>ASK</rule>
      <declarations>q=OTHERS</declarations>
      <factHandleIds>3</factHandleIds>
    </org.drools.core.audit.event.ActivationLogEvent>
    <org.drools.core.audit.event.ActivationLogEvent>
      <type>4</type>
      <activationId>OTHERS - hours [4]</activationId>
      <rule>OTHERS - hours</rule>
      <declarations></declarations>
      <factHandleIds>4</factHandleIds>
    </org.drools.core.audit.event.ActivationLogEvent>
    <org.drools.core.audit.event.ActivationLogEvent>
      <type>6</type>
      <activationId>OTHERS - hours [4]</activationId>
      <rule>OTHERS - hours</rule>
      <declarations></declarations>
      <factHandleIds>4</factHandleIds>
    </org.drools.core.audit.event.ActivationLogEvent>
    <org.drools.core.audit.event.ObjectLogEvent>
      <type>1</type>
      <factId>5</factId>
      <objectToString>Result( text=Your play:
Pericles, Prince of Tyre )</objectToString>
    </org.drools.core.audit.event.ObjectLogEvent>
    <org.drools.core.audit.event.ActivationLogEvent>
      <type>7</type>
      <activationId>OTHERS - hours [4]</activationId>
      <rule>OTHERS - hours</rule>
      <declarations></declarations>
      <factHandleIds>4</factHandleIds>
    </org.drools.core.audit.event.ActivationLogEvent>
    <org.drools.core.audit.event.ActivationLogEvent>
      <type>4</type>
      <activationId>SHOW [5]</activationId>
      <rule>SHOW</rule>
      <declarations>r=Result( text=Your play:
Pericles, Prince of Tyre )</declarations>
      <factHandleIds>5</factHandleIds>
    </org.drools.core.audit.event.ActivationLogEvent>
    <org.drools.core.audit.event.ActivationLogEvent>
      <type>6</type>
      <activationId>SHOW [5]</activationId>
      <rule>SHOW</rule>
      <declarations>r=Result( text=Your play:
Pericles, Prince of Tyre )</declarations>
      <factHandleIds>5</factHandleIds>
    </org.drools.core.audit.event.ActivationLogEvent>
    <org.drools.core.audit.event.ActivationLogEvent>
      <type>7</type>
      <activationId>SHOW [5]</activationId>
      <rule>SHOW</rule>
      <declarations>r=Result( text=Your play:
Pericles, Prince of Tyre )</declarations>
      <factHandleIds>5</factHandleIds>
    </org.drools.core.audit.event.ActivationLogEvent>
  </events>
</org.drools.core.audit.WorkingMemoryLog>
</object-stream>
